
 Working directory              : /scratch/koe/tmpdir_671513/molpro.xdsasWZ635/
 Global scratch directory       : /scratch/koe/tmpdir_671513/molpro.xdsasWZ635/
 Wavefunction directory         : /home/koe/nomodeco_testruns/MOLPRO/ccl3f/
 Main file repository           : /home/koe/nomodeco_testruns/MOLPRO/ccl3f/

 id        : liedlgroup

 Nodes     nprocs
 rune01      12
 GA implementation: MPI file
 GA implementation (serial work in mppx): MPI file

 Using customized tuning parameters: mindgm=1; mindgv=20; mindgc=4; mindgr=1; noblas=0; minvec=7
 default implementation of scratch files=sf  


 Variables initialized (1015), CPU time= 0.01 sec
 ***,ccl3f (trichlorofluoromethane) harmonic vibrational spectrum
 memory,256,m
 
 orient,mass
 geometry={
 C
 Cl1,C,B2
 Cl2,C,B2,Cl1,A1
 Cl3,C,B2,Cl2,A1,Cl1,120.0
 F1,C,B1,Cl2,A1,Cl1,-120.0
 }
 
 B1=                  1.35 ANG
 B2=                  1.74 ANG
 A1=                109.47122029 DEGREE
 
 mass,iso
 basis=vtz
 {hf
 start,atden}
 
 {optg, GRADIENT=3.0D-8, ENERGY=1.0D-10, STEP=3.0D-8}
 {frequencies, symm=auto, print=0, analytical}
 put,molden,ccl3f.molden
 
 Commands initialized (818), CPU time= 0.01 sec, 672 directives.
 Default parameters read. Elapsed time= 0.22 sec

 Checking input...
 Passed
1


                                         ***  PROGRAM SYSTEM MOLPRO  ***
                                       Copyright, TTI GmbH Stuttgart, 2015
                                    Version 2022.1 linked Jan 25 2022 12:44:58


 **********************************************************************************************************************************
 LABEL *   ccl3f (trichlorofluoromethane) harmonic vibrational spectrum                  
  64 bit mpp version                                                                     DATE: 30-Sep-22          TIME: 21:34:41  
 **********************************************************************************************************************************

 SHA1:             f3d4322b9bdbeed63a35be676bd653804e8a9433
 **********************************************************************************************************************************

 Memory per process:       256 MW
 Total memory per node:   3072 MW

 GA preallocation disabled
 GA check disabled

 Variable memory set to 256.0 MW

 ZCENTRE=MASS

 SETTING B1             =         1.35000000  ANG                             
 SETTING B2             =         1.74000000  ANG                             
 SETTING A1             =       109.47122029  DEGREE                          


 Using masses of most abundant isotopes

 **********************************************************************************************************************************
 SETTING BASIS          =    VTZ


 Recomputing integrals since basis changed


 Using spherical harmonics

 Library entry C      S cc-pVTZ              selected for orbital group  1
 Library entry C      P cc-pVTZ              selected for orbital group  1
 Library entry C      D cc-pVTZ              selected for orbital group  1
 Library entry C      F cc-pVTZ              selected for orbital group  1
 Library entry CL     S cc-pVTZ              selected for orbital group  2
 Library entry CL     P cc-pVTZ              selected for orbital group  2
 Library entry CL     D cc-pVTZ              selected for orbital group  2
 Library entry CL     F cc-pVTZ              selected for orbital group  2
 Library entry F      S cc-pVTZ              selected for orbital group  3
 Library entry F      P cc-pVTZ              selected for orbital group  3
 Library entry F      D cc-pVTZ              selected for orbital group  3
 Library entry F      F cc-pVTZ              selected for orbital group  3


 PROGRAM * SEWARD (Integral evaluation for generally contracted gaussian basis sets)     Author: Roland Lindh, 1990

 Geometry written to block  1 of record 700

 Orientation using atomic masses  
 Molecule type: Symmetric top,     Order of principal axis = 3
 Symmetry elements: Y
 Rotational constants:       2.5023532      2.5023532      1.7900642 GHz

 Point group  Cs  



 ATOMIC COORDINATES

 NR  ATOM    CHARGE       X              Y              Z

   1  C       6.00    0.000000009    0.000000000    0.489419284
   2  Cl1    17.00    1.550036259   -2.684741566   -0.606621871
   3  Cl3    17.00    1.550036259    2.684741566   -0.606621871
   4  Cl2    17.00   -3.100072512    0.000000000   -0.606621881
   5  F1      9.00   -0.000000017    0.000000000    3.040549552

 Bond lengths in Bohr (Angstrom)

 1-2  3.288123457  1-3  3.288123457  1-4  3.288123457  1-5  2.551130268  2-3  5.369483132
     ( 1.740000000)     ( 1.740000000)     ( 1.740000000)     ( 1.350000000)     ( 2.841408108)

 2-4  5.369483109  3-4  5.369483109
     ( 2.841408096)     ( 2.841408096)

 Bond angles

  1-2-3   35.26438951   1-2-4   35.26438985   1-3-2   35.26438951   1-3-4   35.26438985

  1-4-2   35.26438986   1-4-3   35.26438986   2-1-3  109.47122098   2-1-4  109.47122029

  2-1-5  109.47122098   2-3-4   59.99999986   2-4-3   60.00000028   3-1-4  109.47122029

  3-1-5  109.47122098   3-2-4   59.99999986   4-1-5  109.47122029

 NUCLEAR CHARGE:                   66
 NUMBER OF PRIMITIVE AOS:         286
 NUMBER OF SYMMETRY AOS:          261
 NUMBER OF CONTRACTIONS:          162   (   97A'  +   65A"  )
 NUMBER OF INNER CORE ORBITALS:     3   (    2A'  +    1A"  )
 NUMBER OF OUTER CORE ORBITALS:    14   (    9A'  +    5A"  )
 NUMBER OF VALENCE ORBITALS:       20   (   13A'  +    7A"  )


 NUCLEAR REPULSION ENERGY  371.58843367


 Eigenvalues of metric

         1 0.144E-02 0.267E-02 0.398E-02 0.493E-02 0.523E-02 0.821E-02 0.140E-01 0.190E-01
         2 0.267E-02 0.523E-02 0.190E-01 0.198E-01 0.225E-01 0.262E-01 0.314E-01 0.506E-01


 Contracted 2-electron integrals neglected if value below      1.0D-11
 AO integral compression algorithm  1   Integral accuracy      1.0D-11

     186.122 MB (compressed) written to integral file ( 42.7%)

     Node minimum: 13.631 MB, node maximum: 19.137 MB


 NUMBER OF SORTED TWO-ELECTRON INTEGRALS:    3672546.     BUFFER LENGTH:  32768
 NUMBER OF SEGMENTS:   1  SEGMENT LENGTH:    3672546      RECORD LENGTH: 524288

 Memory used in sort:       4.23 MW

 SORT1 READ    54441358. AND WROTE     3282718. INTEGRALS IN     10 RECORDS. CPU TIME:     0.57 SEC, REAL TIME:     0.60 SEC
 SORT2 READ    39648561. AND WROTE    44185021. INTEGRALS IN    696 RECORDS. CPU TIME:     0.13 SEC, REAL TIME:     0.16 SEC

 Node minimum:     3671398.  Node maximum:     3687381. integrals

 OPERATOR DM      FOR CENTER  0  COORDINATES:    0.000000    0.000000    0.000000


 **********************************************************************************************************************************
 DATASETS  * FILE   NREC   LENGTH (MB)   RECORD NAMES
              1      18       29.13       500      610      700      900      950      970     1000      129      960     1100   
                                          VAR    BASINP    GEOM    SYMINP    ZMAT    AOBASIS   BASIS     P2S    ABASIS      S 
                                         1400     1410     1200     1210     1080     1600     1650     1700   
                                           T        V       H0       H01     AOSYM     SMH    MOLCAS    OPER   

 PROGRAMS   *        TOTAL       INT
 CPU TIMES  *         1.47      1.26
 REAL TIME  *         1.89 SEC
 DISK USED  *        29.47 MB (local),      987.61 MB (total)
 GA USED    *         0.00 MB       (max)       0.00 MB       (current)
 **********************************************************************************************************************************


 Program * Restricted Hartree-Fock

 Orbital guess generated from atomic densities. Full valence occupancy:   24  13

 Initial occupancy:  21  12

 NELEC=   66   SYM=1   MS2= 0   THRE=1.0D-08   THRD=1.0D-06   THRG=1.0D-06  HFMA2=F  DIIS_START=2   DIIS_MAX=10   DIIS_INCORE=F

 Level shifts:    0.00 (CLOSED)    0.00 (OPEN)    0.30 (GAP_MIN)

 ITER           ETOT              DE          GRAD        DDIFF     DIIS  NEXP   TIME(IT)  TIME(TOT)  DIAG
   1    -1515.70480313   -1515.70480313     0.00D+00     0.13D+00     0     0       0.03      0.05    start
   2    -1515.76725163      -0.06244850     0.89D-02     0.19D-01     1     0       0.03      0.08    diag
   3    -1515.87886637      -0.11161474     0.79D-02     0.83D-02     2     0       0.04      0.12    diag
   4    -1515.88093472      -0.00206835     0.60D-03     0.11D-02     3     0       0.02      0.14    diag
   5    -1515.88109617      -0.00016145     0.15D-03     0.31D-03     4     0       0.01      0.15    diag
   6    -1515.88110372      -0.00000755     0.36D-04     0.77D-04     5     0       0.02      0.17    diag
   7    -1515.88110401      -0.00000029     0.10D-04     0.16D-04     6     0       0.02      0.19    diag
   8    -1515.88110404      -0.00000003     0.33D-05     0.57D-05     7     0       0.02      0.21    fixocc
   9    -1515.88110404      -0.00000000     0.87D-06     0.16D-05     8     0       0.02      0.23    diag
  10    -1515.88110404      -0.00000000     0.30D-06     0.73D-06     9     0       0.02      0.25    diag/orth
  11    -1515.88110404      -0.00000000     0.66D-07     0.12D-06     0     0       0.02      0.27    diag

 Final occupancy:  21  12

 !RHF STATE 1.1 Energy              -1515.881104040718
  RHF One-electron energy           -2835.966859159974
  RHF Two-electron energy             948.497321448570
  RHF Kinetic energy                 1515.837333208782
  RHF Nuclear energy                  371.588433670686
  RHF Virial quotient                  -1.000028875679

 !RHF STATE 1.1 Dipole moment           0.00000001     0.00000000    -0.22900956
 Dipole moment /Debye                   0.00000003     0.00000000    -0.58208425

 Orbital energies:

           1.1          2.1          3.1          4.1          5.1          6.1          7.1          8.1          9.1         10.1
   -104.876097  -104.876097   -26.357719   -11.521616   -10.602212   -10.602196    -8.068998    -8.068997    -8.066724    -8.066721

          11.1         12.1         13.1         14.1         15.1         16.1         17.1         18.1         19.1         20.1
     -8.066699    -1.684815    -1.257835    -1.136660    -0.893708    -0.760061    -0.744288    -0.612986    -0.528119    -0.513316

          21.1         22.1         23.1
     -0.475217     0.121340     0.179889

           1.2          2.2          3.2          4.2          5.2          6.2          7.2          8.2          9.2         10.2
   -104.876097   -10.602212    -8.068998    -8.066724    -8.066701    -8.066699    -1.136660    -0.760061    -0.612986    -0.513316

          11.2         12.2         13.2         14.2
     -0.475217    -0.459356     0.179889     0.377063


 HOMO     12.2    -0.459356 =     -12.4997eV
 LUMO     22.1     0.121340 =       3.3018eV
 LUMO-HOMO         0.580697 =      15.8016eV

 Orbitals saved in record  2100.2


 **********************************************************************************************************************************
 DATASETS  * FILE   NREC   LENGTH (MB)   RECORD NAMES
              1      18       29.14       500      610      700      900      950      970     1000      129      960     1100   
                                          VAR    BASINP    GEOM    SYMINP    ZMAT    AOBASIS   BASIS     P2S    ABASIS      S 
                                         1400     1410     1200     1210     1080     1600     1650     1700   
                                           T        V       H0       H01     AOSYM     SMH    MOLCAS    OPER   

              2       4        0.62       700     1000      520     2100   
                                         GEOM     BASIS   MCVARS     RHF  

 PROGRAMS   *        TOTAL    HF-SCF       INT
 CPU TIMES  *         1.75      0.27      1.26
 REAL TIME  *         2.23 SEC
 DISK USED  *        30.77 MB (local),     1003.15 MB (total)
 GA USED    *         0.00 MB       (max)       0.00 MB       (current)
 **********************************************************************************************************************************


 PROGRAM * OPT (Geometry optimization)     Authors: F. Eckert and H.-J. Werner


 BFGS update of hessian

 *** Long output written to logfile /home/koe/nomodeco_testruns/MOLPRO/ccl3f/ccl3f.log ***


 Geometry optimization using default procedure for command HF-SCF

 Geometry written to block  1 of record 700

 Making model hessian for Z-matrix coordinates

 Entering Rational Function Geometry Optimization

 ITER.   ENERGY(OLD)    ENERGY(NEW)      DE          GRADMAX     GRADNORM    GRADRMS     STEPMAX     STEPLEN     STEPRMS   CPU-time
   1 -1515.88110404 -1515.88221020    -0.00110616  0.03137491  0.04900250  0.02829161  0.03282460  0.03399652  0.01133217      3.05
   2 -1515.88221020 -1515.88301817    -0.00080798  0.02573823  0.03531213  0.02038747  0.06054269  0.06388060  0.02129353      5.84
   3 -1515.88301817 -1515.88307342    -0.00005525  0.01314184  0.01494720  0.00862977  0.00671686  0.00693466  0.00231155      8.62
   4 -1515.88307342 -1515.88313372    -0.00006029  0.01066962  0.01131217  0.00653109  0.00767788  0.00987702  0.00329234     11.46
   5 -1515.88313372 -1515.88313819    -0.00000447  0.00267238  0.00273941  0.00158160  0.00263926  0.00285678  0.00095226     14.27
   6 -1515.88313819 -1515.88313845    -0.00000026  0.00039804  0.00063769  0.00036817  0.00075653  0.00089853  0.00029951     17.00
   7 -1515.88313845 -1515.88313847    -0.00000002  0.00034158  0.00034449  0.00019889  0.00013403  0.00015345  0.00005115     19.83
   8 -1515.88313847 -1515.88313848    -0.00000001  0.00019658  0.00019704  0.00011376  0.00006969  0.00007445  0.00002482     22.54
   9 -1515.88313848 -1515.88313848    -0.00000000  0.00003803  0.00004283  0.00002473  0.00002542  0.00002941  0.00000980     25.38
  10 -1515.88313848 -1515.88313848     0.00000000  0.00000631  0.00000704  0.00000406  0.00001134  0.00001136  0.00000379     28.16
  11 -1515.88313848 -1515.88313848    -0.00000000  0.00000113  0.00000120  0.00000069  0.00000064  0.00000086  0.00000029     30.80
  12 -1515.88313848 -1515.88313848     0.00000000  0.00000048  0.00000057  0.00000033  0.00000074  0.00000091  0.00000030     33.60
  13 -1515.88313848 -1515.88313848     0.00000000  0.00000032  0.00000038  0.00000022  0.00000041  0.00000043  0.00000014     36.21
  14 -1515.88313848 -1515.88313848    -0.00000000  0.00000013  0.00000018  0.00000011  0.00000009  0.00000012  0.00000004     38.85
  15 -1515.88313848 -1515.88313848     0.00000000  0.00000007  0.00000009  0.00000005  0.00000004  0.00000004  0.00000001     41.61
  16 -1515.88313848 -1515.88313848    -0.00000000  0.00000006  0.00000008  0.00000005  0.00000001  0.00000002  0.00000001     44.25
  17 -1515.88313848 -1515.88313848     0.00000000  0.00000003  0.00000004  0.00000003  0.00000001  0.00000002  0.00000001     46.91

 END OF GEOMETRY OPTIMIZATION.

 Optimized variables
 B2=                  1.76190703 ANG
 A1=                109.78174257 DEGREE
 B1=                  1.30637588 ANG

 **********************************************************************************************************************************

 Geometry written to block  1 of record 700

 Recomputing wavefunction for reoriented structure

 Current geometry (xyz format, in Angstrom)

    5
 HF-SCF000/VTZ  ENERGY=-1515.88313848
 C         -0.0041578826        0.0000000000        0.2684222277
 Cl         0.8323546882       -1.4358134235       -0.3172422677
 Cl        -1.6673040587        0.0000000000       -0.3131800131
 Cl         0.8323546882        1.4358134235       -0.3172422677
 F          0.0074020783        0.0000000000        1.5747469635

 **********************************************************************************************************************************


 **********************************************************************************************************************************
 DATASETS  * FILE   NREC   LENGTH (MB)   RECORD NAMES
              1      18       29.14       500      610      700      900      950      970     1000      129      960     1100   
                                          VAR    BASINP    GEOM    SYMINP    ZMAT    AOBASIS   BASIS     P2S    ABASIS      S 
                                         1400     1410     1200     1210     1080     1600     1650     1700   
                                           T        V       H0       H01     AOSYM     SMH    MOLCAS    OPER   

              2       4        0.62       700     1000      520     2100   
                                         GEOM     BASIS   MCVARS     RHF  

 PROGRAMS   *        TOTAL      OPTG    HF-SCF       INT
 CPU TIMES  *        48.73     46.98      0.27      1.26
 REAL TIME  *        52.17 SEC
 DISK USED  *        30.77 MB (local),        1.05 GB (total)
 SF USED    *         0.01 MB
 GA USED    *         0.00 MB       (max)       0.00 MB       (current)
 **********************************************************************************************************************************


 PROGRAM * HESSIAN

 PROGRAM * MCKINLEY (Hessian of the energy)     Author: A. Bernhardsson, R. Lindh

 Orbitals from record         2100.2

 Number of closed-shell orbitals: 33 ( 21 12 )
 Number of occupied orbitals:     33 ( 21 12 )

 Number of electrons= 66     Singlet     Space symmetry=1      Wavefunction type: CLOSED          


 McKinley needed     15.08 seconds of CPU time

 Entering CPHF calculation

 CPHF needed 134 iterations for 15 perturbations.  Total CPU time:    2.66 sec


 HF-SCF hessian saved to record  5300.2

 PROGRAM * FREQUENCIES (Calculation of harmonic vibrational spectra for HF-SCF)


 Permanent Dipole Moment [debye]
   1-  3    0.000000    0.000000    0.000000

 Dipole Moment Norm    0.0000000 [debye]

 Dipole Moment Derivatives [debye/ang]
              1             2             3             4             5             6             7             8
    1     0.0000000     0.0000000     0.0000000     0.0000000     0.0000000     0.0000000     0.0000000     0.0000000
    2     0.0000000     0.0000000     0.0000000     0.0000000     0.0000000     0.0000000     0.0000000     0.0000000
    3     0.0000000     0.0000000     0.0000000     0.0000000     0.0000000     0.0000000     0.0000000     0.0000000
              9            10            11            12            13            14            15
    1     0.0000000     0.0000000     0.0000000     0.0000000     0.0000000     0.0000000     0.0000000
    2     0.0000000     0.0000000     0.0000000     0.0000000     0.0000000     0.0000000     0.0000000
    3     0.0000000     0.0000000     0.0000000     0.0000000     0.0000000     0.0000000     0.0000000

 Projecting out rotations and translations

 Force Constants (Second Derivatives of the Energy) in [a.u.]
                             CX1         CY1         CZ1         CL1X2       CL1Y2   
           CX1           0.3565524
           CY1          -0.0000000   0.3548273
           CZ1           0.0016898   0.0000000   0.5231290
           CL1X2        -0.0675791   0.0456277   0.0151285   0.0900513
           CL1Y2         0.0454427  -0.1190280  -0.0257967  -0.0791580   0.1819841
           CL1Z2         0.0132951  -0.0226994  -0.0450261  -0.0326705   0.0565478
           CL2X3        -0.1459656   0.0000000  -0.0295684  -0.0335548   0.0180102
           CL2Y3         0.0000000  -0.0414764   0.0000000   0.0288926  -0.0060079
           CL2Z3        -0.0260350  -0.0000000  -0.0458025   0.0029878  -0.0009826
           CL3X4        -0.0675791  -0.0456277   0.0151285   0.0073592   0.0054728
           CL3Y4        -0.0454427  -0.1190280   0.0257967  -0.0054728  -0.0485503
           CL3Z4         0.0132951   0.0226994  -0.0450261  -0.0006547  -0.0030865
           F1X5         -0.0754285   0.0000000  -0.0023784   0.0037235   0.0102324
           F1Y5         -0.0000000  -0.0752949  -0.0000000   0.0101105  -0.0083980
           F1Z5         -0.0022449   0.0000000  -0.3872743   0.0152089  -0.0266820
                             CL1Z2       CL2X3       CL2Y3       CL2Z3       CL3X4   
           CL1Z2         0.0671828
           CL2X3        -0.0023433   0.2270723
           CL2Y3         0.0020834  -0.0000000   0.0439096
           CL2Z3         0.0066939   0.0642038  -0.0000000   0.0657317
           CL3X4        -0.0006547  -0.0335548  -0.0288926   0.0029878   0.0900513
           CL3Y4         0.0030865  -0.0180102  -0.0060079   0.0009826   0.0791580
           CL3Z4         0.0065147  -0.0023433  -0.0020834   0.0066939  -0.0326705
           F1X5          0.0223734  -0.0139971   0.0000000  -0.0441443   0.0037235
           F1Y5         -0.0390183  -0.0000000   0.0095826  -0.0000000  -0.0101105
           F1Z5         -0.0353653  -0.0299489  -0.0000000  -0.0333170   0.0152089
                             CL3Y4       CL3Z4       F1X5        F1Y5        F1Z5    
           CL3Y4         0.1819841
           CL3Z4        -0.0565478   0.0671828
           F1X5         -0.0102324   0.0223734   0.0819787
           F1Y5         -0.0083980   0.0390183   0.0000000   0.0825083
           F1Z5          0.0266820  -0.0353653   0.0017760   0.0000000   0.4913220


 Atomic Masses
   1-  5   12.000000   34.968850   34.968850   34.968850   18.998400

 Mass weighted Second Derivative Matrix
                             CX1         CY1         CZ1         CL1X2       CL1Y2   
           CX1           0.0297127
           CY1          -0.0000000   0.0295689
           CZ1           0.0001408   0.0000000   0.0435941
           CL1X2        -0.0032990   0.0022274   0.0007385   0.0025752
           CL1Y2         0.0022184  -0.0058106  -0.0012593  -0.0022637   0.0052042
           CL1Z2         0.0006490  -0.0011081  -0.0021980  -0.0009343   0.0016171
           CL2X3        -0.0071256   0.0000000  -0.0014434  -0.0009596   0.0005150
           CL2Y3         0.0000000  -0.0020247   0.0000000   0.0008262  -0.0001718
           CL2Z3        -0.0012709  -0.0000000  -0.0022359   0.0000854  -0.0000281
           CL3X4        -0.0032990  -0.0022274   0.0007385   0.0002104   0.0001565
           CL3Y4        -0.0022184  -0.0058106   0.0012593  -0.0001565  -0.0013884
           CL3Z4         0.0006490   0.0011081  -0.0021980  -0.0000187  -0.0000883
           F1X5         -0.0049956   0.0000000  -0.0001575   0.0001445   0.0003970
           F1Y5         -0.0000000  -0.0049867  -0.0000000   0.0003923  -0.0003258
           F1Z5         -0.0001487   0.0000000  -0.0256489   0.0005901  -0.0010352
                             CL1Z2       CL2X3       CL2Y3       CL2Z3       CL3X4   
           CL1Z2         0.0019212
           CL2X3        -0.0000670   0.0064936
           CL2Y3         0.0000596  -0.0000000   0.0012557
           CL2Z3         0.0001914   0.0018360  -0.0000000   0.0018797
           CL3X4        -0.0000187  -0.0009596  -0.0008262   0.0000854   0.0025752
           CL3Y4         0.0000883  -0.0005150  -0.0001718   0.0000281   0.0022637
           CL3Z4         0.0001863  -0.0000670  -0.0000596   0.0001914  -0.0009343
           F1X5          0.0008680  -0.0005430   0.0000000  -0.0017127   0.0001445
           F1Y5         -0.0015138  -0.0000000   0.0003718  -0.0000000  -0.0003923
           F1Z5         -0.0013721  -0.0011619  -0.0000000  -0.0012926   0.0005901
                             CL3Y4       CL3Z4       F1X5        F1Y5        F1Z5    
           CL3Y4         0.0052042
           CL3Z4        -0.0016171   0.0019212
           F1X5         -0.0003970   0.0008680   0.0043150
           F1Y5         -0.0003258   0.0015138   0.0000000   0.0043429
           F1Z5          0.0010352  -0.0013721   0.0000935   0.0000000   0.0258612


 Mass Weighted 2nd Derivative Matrix Eigenvalues
   1- 10    0.000000    0.000000    0.000000    0.000000    0.000000    0.000000    0.002704    0.002727    0.005461    0.007001
  11- 15    0.007043    0.012723    0.033336    0.033493    0.061937

 Mass Weighted 2nd Derivative Matrix Eigenvectors
              1             2             3             4             5             6             7             8
    1     0.2780254    -0.0587852    -0.1043837     0.0182904    -0.0173284    -0.0157600     0.0000000    -0.1297160
    2     0.0512851     0.2129767    -0.0391831    -0.0674374     0.1438406     0.1334250    -0.1308335     0.0000000
    3     0.0550406    -0.0885370     0.1709373     0.0153355     0.2129123    -0.0514136     0.0000000    -0.0029740
    4     0.3115312    -0.0112038    -0.4740587     0.1590763     0.1934122    -0.3723485     0.4177544     0.3651048
    5     0.0608984     0.4772875    -0.1261284     0.1794871     0.2786374     0.0313560    -0.1163712     0.4102782
    6    -0.0736344    -0.3026111     0.0144408    -0.5134645     0.6008303    -0.0996541     0.2077067    -0.1207915
    7     0.3553236    -0.1982014    -0.3129918     0.0573712     0.0797319     0.0309219     0.0000000    -0.3559148
    8     0.1356989     0.1505164     0.1524034     0.0011099     0.0822834     0.7338580     0.6022067     0.0000000
    9     0.4350610     0.1286767     0.6772801    -0.0485948     0.0508655    -0.2531233     0.0000000     0.2454570
   10     0.3974497    -0.3865660    -0.1538079    -0.0439686    -0.0324213     0.4350000    -0.4177544     0.3651048
   11     0.0608984     0.4772875    -0.1261284     0.1794871     0.2786374     0.0313560    -0.1163712    -0.4102782
   12    -0.0815792    -0.2811426     0.1813927     0.6410395     0.4405264     0.0904604    -0.2077067    -0.1207915
   13     0.5473067     0.0880313     0.0918307    -0.0202759    -0.2027762    -0.1155629     0.0000000    -0.4047116
   14     0.0669387     0.2618937    -0.1062324    -0.4713627     0.2354088     0.1017404    -0.3972699     0.0000000
   15     0.0675074    -0.1128354     0.2131075     0.0196790     0.2694990    -0.0638442     0.0000000    -0.0028924
              9            10            11            12            13            14            15
    1    -0.0009482    -0.0787677     0.0000000     0.0031049     0.0000000     0.9404120     0.0071543
    2     0.0000000     0.0000000    -0.0773266     0.0000000     0.9403927     0.0000000     0.0000000
    3     0.3242297     0.0021315     0.0000000     0.3753699     0.0000000    -0.0074206     0.8158469
    4    -0.2209603     0.0108575     0.2651450     0.1817468     0.0803717    -0.1007804     0.0047397
    5     0.3926617     0.2644307    -0.3022729    -0.3178947    -0.1919137     0.0802485    -0.0082521
    6    -0.1737166     0.1793739    -0.3155906    -0.2150459    -0.0384854     0.0228710    -0.0170466
    7     0.4411029    -0.4659548     0.0000000    -0.3618122     0.0000000    -0.2377067    -0.0109135
    8     0.0000000     0.0000000     0.1571616     0.0000000    -0.0550605     0.0000000     0.0000000
    9    -0.1748822    -0.3600304     0.0000000    -0.2091832     0.0000000    -0.0434058    -0.0184178
   10    -0.2209603     0.0108575    -0.2651450     0.1817468    -0.0803717    -0.1007804     0.0047397
   11    -0.3926617    -0.2644307    -0.3022729     0.3178947    -0.1919137    -0.0802485     0.0082521
   12    -0.1737166     0.1793739     0.3155906    -0.2150459     0.0384854     0.0228710    -0.0170466
   13     0.0018632     0.6652987     0.0000000    -0.0047488     0.0000000    -0.1514433    -0.0037401
   14     0.0000000     0.0000000     0.6684193     0.0000000    -0.1519428     0.0000000     0.0000000
   15     0.4509401     0.0000461     0.0000000     0.5689747     0.0000000     0.0027281    -0.5771552

   Low Vibration      Wavenumber
        Nr             [1/cm] 
        1                0.00
        2                0.00
        3                0.00
        4                0.00
        5                0.00
        6                0.00

     Vibration        Wavenumber
        Nr             [1/cm] 
        1              267.31
        2              268.45
        3              379.87
        4              430.13
        5              431.39
        6              579.83
        7              938.56
        8              940.76
        9             1279.32

 FREQUENCIES * CALCULATION OF NORMAL MODES FOR HF-SCF


 Atomic Coordinates

  Nr  Atom  Charge       X              Y              Z

   1   C     6.00   -0.007857259    0.000000000    0.507244496
   2   CL   17.00    1.572922399   -2.713294136   -0.599501001
   3   CL   17.00   -3.150748037    0.000000000   -0.591824452
   4   CL   17.00    1.572922399    2.713294136   -0.599501001
   5   F1    9.00    0.013987901    0.000000000    2.975840477

 Gradient norm at reference geometry: 0.11656D-01

 ?WARNING: GRADIENT NORM NOT ZERO!

 Normal Modes

                              1 A``       2 A`        3 A`        4 A`        5 A``
 Wavenumbers [cm-1]          267.31      268.45      379.87      430.13      431.39
 Intensities [km/mol]          0.00        0.00        0.00        0.00        0.00
 Intensities [relative]        0.00        0.00        0.00        0.00        0.00
           CX1              0.00000    -0.03745    -0.00027    -0.02274    -0.00000
           CY1             -0.03777    -0.00000    -0.00000     0.00000    -0.02232
           CZ1              0.00000    -0.00086     0.09360     0.00062    -0.00000
           CL1X2            0.07064     0.06174    -0.03737     0.00184     0.04484
           CL1Y2           -0.01968     0.06938     0.06640     0.04472    -0.05112
           CL1Z2            0.03512    -0.02043    -0.02938     0.03033    -0.05337
           CL2X3            0.00000    -0.06019     0.07459    -0.07880    -0.00000
           CL2Y3            0.10184     0.00000     0.00000    -0.00000     0.02658
           CL2Z3           -0.00000     0.04151    -0.02957    -0.06088    -0.00000
           CL3X4           -0.07064     0.06174    -0.03737     0.00184    -0.04484
           CL3Y4           -0.01968    -0.06938    -0.06640    -0.04472    -0.05112
           CL3Z4           -0.03512    -0.02043    -0.02938     0.03033     0.05337
           F1X5             0.00000    -0.09285     0.00043     0.15264     0.00000
           F1Y5            -0.09114    -0.00000     0.00000    -0.00000     0.15335
           F1Z5             0.00000    -0.00066     0.10346     0.00001    -0.00000

                              6 A`        7 A``       8 A`        9 A` 
 Wavenumbers [cm-1]          579.83      938.56      940.76     1279.32
 Intensities [km/mol]          0.00        0.00        0.00        0.00
 Intensities [relative]        0.00        0.00        0.00        0.00
           CX1              0.00090     0.00000     0.27147     0.00207
           CY1              0.00000     0.27147    -0.00000    -0.00000
           CZ1              0.10836    -0.00000    -0.00214     0.23551
           CL1X2            0.03073     0.01359    -0.01704     0.00080
           CL1Y2           -0.05376    -0.03245     0.01357    -0.00140
           CL1Z2           -0.03637    -0.00651     0.00387    -0.00288
           CL2X3           -0.06118    -0.00000    -0.04020    -0.00185
           CL2Y3           -0.00000    -0.00931     0.00000     0.00000
           CL2Z3           -0.03537    -0.00000    -0.00734    -0.00311
           CL3X4            0.03073    -0.01359    -0.01704     0.00080
           CL3Y4            0.05376    -0.03245    -0.01357     0.00140
           CL3Z4           -0.03637     0.00651     0.00387    -0.00288
           F1X5            -0.00109    -0.00000    -0.03474    -0.00086
           F1Y5            -0.00000    -0.03486     0.00000     0.00000
           F1Z5             0.13054    -0.00000     0.00063    -0.13241


 Normal Modes of low/zero frequencies

                                  1           2           3           4           5
 Wavenumbers [cm-1]            0.00        0.00        0.00        0.00        0.00
 Intensities [km/mol]          0.00        0.00        0.00        0.00        0.00
 Intensities [relative]        0.00        0.00        0.00        0.00        0.00
           CX1              0.08026    -0.01697    -0.03013     0.00528    -0.00500
           CY1              0.01480     0.06148    -0.01131    -0.01947     0.04152
           CZ1              0.01589    -0.02556     0.04935     0.00443     0.06146
           CL1X2            0.05268    -0.00189    -0.08017     0.02690     0.03271
           CL1Y2            0.01030     0.08071    -0.02133     0.03035     0.04712
           CL1Z2           -0.01245    -0.05117     0.00244    -0.08683     0.10160
           CL2X3            0.06009    -0.03352    -0.05293     0.00970     0.01348
           CL2Y3            0.02295     0.02545     0.02577     0.00019     0.01391
           CL2Z3            0.07357     0.02176     0.11453    -0.00822     0.00860
           CL3X4            0.06721    -0.06537    -0.02601    -0.00744    -0.00548
           CL3Y4            0.01030     0.08071    -0.02133     0.03035     0.04712
           CL3Z4           -0.01380    -0.04754     0.03067     0.10840     0.07450
           F1X5             0.12557     0.02020     0.02107    -0.00465    -0.04652
           F1Y5             0.01536     0.06009    -0.02437    -0.10814     0.05401
           F1Z5             0.01549    -0.02589     0.04889     0.00451     0.06183

                                  6
 Wavenumbers [cm-1]            0.00
 Intensities [km/mol]          0.00
 Intensities [relative]        0.00
           CX1             -0.00455
           CY1              0.03852
           CZ1             -0.01484
           CL1X2           -0.06297
           CL1Y2            0.00530
           CL1Z2           -0.01685
           CL2X3            0.00523
           CL2Y3            0.12410
           CL2Z3           -0.04280
           CL3X4            0.07356
           CL3Y4            0.00530
           CL3Z4            0.01530
           F1X5            -0.02651
           F1Y5             0.02334
           F1Z5            -0.01465


 Frequencies dumped to record   5400.2

 Zero point energy:  0.01256551 [H]     2757.81 [1/CM]       32.99 [KJ/MOL]
 Frequency information read from record  5400.2


 **********************************************************************************************************************************
 DATASETS  * FILE   NREC   LENGTH (MB)   RECORD NAMES
              1      18       29.14       500      610      700      900      950      970     1000      129      960     1100   
                                          VAR    BASINP    GEOM    SYMINP    ZMAT    AOBASIS   BASIS     P2S    ABASIS      S 
                                         1400     1410     1200     1210     1080     1600     1650     1700   
                                           T        V       H0       H01     AOSYM     SMH    MOLCAS    OPER   

              2       7        0.79       700     1000      520     2100     5300     5450     5400   
                                         GEOM     BASIS   MCVARS     RHF     HESS     NMOD     FREQ   

              4       5        2.49      4100     4000     4200     4300     4400   

 PROGRAMS   *        TOTAL      FREQ      OPTG    HF-SCF       INT
 CPU TIMES  *        66.48     17.75     46.98      0.27      1.26
 REAL TIME  *        70.42 SEC
 DISK USED  *        30.77 MB (local),        1.05 GB (total)
 SF USED    *         2.49 MB
 GA USED    *         0.00 MB       (max)       0.00 MB       (current)
 **********************************************************************************************************************************

 Dump information in style MOLDEN to ccl3f.molden                                                                    

 Molecular orbitals read from record     2100.2  Type=RHF/CANONICAL  
 Occupation numbers read from record     2100.2  Type=RHF/RHF  
 Orbital energies read from record       2100.2  Type=RHF/CANONICAL  
 Redundancy group numbers read from rec  2100.2  Type=RHF/RHF  

 DUMP ORBITAL  1.1 AS ORBITAL    1  occ=    2.0000  eig= -104.8759  GROUP=   2
 DUMP ORBITAL  1.2 AS ORBITAL    2  occ=    2.0000  eig= -104.8746  GROUP=   2
 DUMP ORBITAL  2.1 AS ORBITAL    3  occ=    2.0000  eig= -104.8746  GROUP=   2
 DUMP ORBITAL  3.1 AS ORBITAL    4  occ=    2.0000  eig=  -26.3698  GROUP=   2
 DUMP ORBITAL  4.1 AS ORBITAL    5  occ=    2.0000  eig=  -11.5254  GROUP=   2
 DUMP ORBITAL  5.1 AS ORBITAL    6  occ=    2.0000  eig=  -10.6015  GROUP=   2
 DUMP ORBITAL  2.2 AS ORBITAL    7  occ=    2.0000  eig=  -10.6003  GROUP=   2
 DUMP ORBITAL  6.1 AS ORBITAL    8  occ=    2.0000  eig=  -10.6003  GROUP=   2
 DUMP ORBITAL  7.1 AS ORBITAL    9  occ=    2.0000  eig=   -8.0682  GROUP=   2
 DUMP ORBITAL  3.2 AS ORBITAL   10  occ=    2.0000  eig=   -8.0670  GROUP=   2
 DUMP ORBITAL  8.1 AS ORBITAL   11  occ=    2.0000  eig=   -8.0670  GROUP=   2
 DUMP ORBITAL  9.1 AS ORBITAL   12  occ=    2.0000  eig=   -8.0660  GROUP=   2
 DUMP ORBITAL  4.2 AS ORBITAL   13  occ=    2.0000  eig=   -8.0660  GROUP=   2
 DUMP ORBITAL  5.2 AS ORBITAL   14  occ=    2.0000  eig=   -8.0648  GROUP=   2
 DUMP ORBITAL 10.1 AS ORBITAL   15  occ=    2.0000  eig=   -8.0648  GROUP=   2
 DUMP ORBITAL  6.2 AS ORBITAL   16  occ=    2.0000  eig=   -8.0648  GROUP=   2
 DUMP ORBITAL 11.1 AS ORBITAL   17  occ=    2.0000  eig=   -8.0648  GROUP=   2
 DUMP ORBITAL 12.1 AS ORBITAL   18  occ=    2.0000  eig=   -1.7139  GROUP=   2
 DUMP ORBITAL 13.1 AS ORBITAL   19  occ=    2.0000  eig=   -1.2452  GROUP=   2
 DUMP ORBITAL 14.1 AS ORBITAL   20  occ=    2.0000  eig=   -1.1331  GROUP=   2
 DUMP ORBITAL  7.2 AS ORBITAL   21  occ=    2.0000  eig=   -1.1320  GROUP=   2
 DUMP ORBITAL 15.1 AS ORBITAL   22  occ=    2.0000  eig=   -0.9086  GROUP=   2
 DUMP ORBITAL 16.1 AS ORBITAL   23  occ=    2.0000  eig=   -0.7766  GROUP=   2
 DUMP ORBITAL  8.2 AS ORBITAL   24  occ=    2.0000  eig=   -0.7765  GROUP=   2
 DUMP ORBITAL 17.1 AS ORBITAL   25  occ=    2.0000  eig=   -0.7474  GROUP=   2
 DUMP ORBITAL 18.1 AS ORBITAL   26  occ=    2.0000  eig=   -0.6056  GROUP=   2
 DUMP ORBITAL  9.2 AS ORBITAL   27  occ=    2.0000  eig=   -0.6050  GROUP=   2
 DUMP ORBITAL 19.1 AS ORBITAL   28  occ=    2.0000  eig=   -0.5261  GROUP=   2
 DUMP ORBITAL 20.1 AS ORBITAL   29  occ=    2.0000  eig=   -0.5105  GROUP=   2
 DUMP ORBITAL 10.2 AS ORBITAL   30  occ=    2.0000  eig=   -0.5096  GROUP=   2
 DUMP ORBITAL 21.1 AS ORBITAL   31  occ=    2.0000  eig=   -0.4751  GROUP=   2
 DUMP ORBITAL 11.2 AS ORBITAL   32  occ=    2.0000  eig=   -0.4742  GROUP=   2
 DUMP ORBITAL 12.2 AS ORBITAL   33  occ=    2.0000  eig=   -0.4597  GROUP=   2

 Total charge:      66.000000
 Frequency information read from record  5400.2

 **********************************************************************************************************************************

 HF/cc-pVTZ//HF/cc-pVTZ energy=  -1515.883138477739

    OPTG(HF-SCF)          HF-SCF
  -1515.88313848  -1515.88110404
 **********************************************************************************************************************************
 Molpro calculation terminated
