
 Working directory              : /tmp/koe/molpro.5PbYPkEuHT/
 Global scratch directory       : /tmp/koe/molpro.5PbYPkEuHT/
 Wavefunction directory         : /home/koe/wfu/
 Main file repository           : /tmp/koe/molpro.5PbYPkEuHT/

 id        : liedlgroup

 Nodes     nprocs
 zh2-c724     1
 GA implementation: MPI file
 GA implementation (serial work in mppx): MPI file

 Using customized tuning parameters: mindgm=1; mindgv=20; mindgc=4; mindgr=1; noblas=0; minvec=7
 default implementation of scratch files=df  


 Variables initialized (1015), CPU time= 0.01 sec
 ***,carbon dioxide
 memory,100,m
 angstrom
 
 orient, mass
 geometry = {
 O1
 C, O1, rco
 O2, C, rco, O1, 180.0
 }
 
 rco = 1.163 ANG
 
 
 mass, iso
 basis = vtz
 
 hf
 ccsd(t)
 
 optg
 {frequencies,symm=auto,print=0}
 
 
 
 put, molden, co2.molden
 
 Commands initialized (834), CPU time= 0.00 sec, 672 directives.
 Default parameters read. Elapsed time= 0.09 sec

 Checking input...
 Passed
1


                                         ***  PROGRAM SYSTEM MOLPRO  ***
                                       Copyright, TTI GmbH Stuttgart, 2015
                                    Version 2022.2 linked Thu May  5 22:39:45 2022


 **********************************************************************************************************************************
 LABEL *   carbon dioxide                                                                
  (6 PROC) 64 bit serial version                                                         DATE: 15-Sep-22          TIME: 09:58:47  
 **********************************************************************************************************************************

 SHA1:             518bf5c5e315925380b88506c70af759aa1d1d96
 **********************************************************************************************************************************

 Memory per process:       100 MW
 Total memory per node:    100 MW

 GA preallocation disabled
 GA check disabled

 Variable memory set to 100.0 MW

 ZCENTRE=MASS
 ZUNIT=ANG

 SETTING RCO            =         1.16300000  ANG                             


 Using masses of most abundant isotopes

 **********************************************************************************************************************************
 SETTING BASIS          =    VTZ


 Recomputing integrals since basis changed


 Using spherical harmonics

 Library entry O      S cc-pVTZ              selected for orbital group  1
 Library entry O      P cc-pVTZ              selected for orbital group  1
 Library entry O      D cc-pVTZ              selected for orbital group  1
 Library entry O      F cc-pVTZ              selected for orbital group  1
 Library entry C      S cc-pVTZ              selected for orbital group  2
 Library entry C      P cc-pVTZ              selected for orbital group  2
 Library entry C      D cc-pVTZ              selected for orbital group  2
 Library entry C      F cc-pVTZ              selected for orbital group  2


 PROGRAM * SEWARD (Integral evaluation for generally contracted gaussian basis sets)     Author: Roland Lindh, 1990

 Geometry written to block  1 of record 700

 Orientation using atomic masses  
 Molecule type: Linear
 Symmetry elements: X,Y,Z
 Rotational constants:      11.6800839     11.6800839      0.0000000 GHz

 Point group  D2h 



 ATOMIC COORDINATES

 NR  ATOM    CHARGE       X              Y              Z

   1  O1      8.00    0.000000000    0.000000000   -2.197751483
   2  O2      8.00    0.000000000    0.000000000    2.197751483
   3  C       6.00    0.000000000    0.000000000    0.000000000

 Bond lengths in Bohr (Angstrom)

 1-3  2.197751483  2-3  2.197751483
     ( 1.163000000)     ( 1.163000000)

 Bond angles

  1-3-2  180.00000000

 NUCLEAR CHARGE:                   22
 NUMBER OF PRIMITIVE AOS:         141
 NUMBER OF SYMMETRY AOS:          126
 NUMBER OF CONTRACTIONS:           90   (   21Ag  +   12B3u +   12B2u +    5B1g +   18B1u +    9B2g +    9B3g +    4Au  )
 NUMBER OF INNER CORE ORBITALS:     0   (    0Ag  +    0B3u +    0B2u +    0B1g +    0B1u +    0B2g +    0B3g +    0Au  )
 NUMBER OF OUTER CORE ORBITALS:     3   (    2Ag  +    0B3u +    0B2u +    0B1g +    1B1u +    0B2g +    0B3g +    0Au  )
 NUMBER OF VALENCE ORBITALS:       12   (    3Ag  +    2B3u +    2B2u +    0B1g +    3B1u +    1B2g +    1B3g +    0Au  )


 NUCLEAR REPULSION ENERGY   58.24134393

 EXTRA SYMMETRY OF AOS IN SYMMETRY 1:   1 1 1 1 1 1 1 1 2 1   2 1 2 1 1 1 1 1 2 1   2
 EXTRA SYMMETRY OF AOS IN SYMMETRY 2:   1 1 1 1 1 1 2 1 1 1   1 2
 EXTRA SYMMETRY OF AOS IN SYMMETRY 3:   1 1 1 1 1 1 2 1 1 1   1 2
 EXTRA SYMMETRY OF AOS IN SYMMETRY 5:   1 1 1 1 1 1 1 1 2 1   2 1 2 1 1 1 1 2
 EXTRA SYMMETRY OF AOS IN SYMMETRY 6:   1 1 1 1 1 1 2 1 1
 EXTRA SYMMETRY OF AOS IN SYMMETRY 7:   1 1 1 1 1 1 2 1 1

 Eigenvalues of metric

         1 0.210E-02 0.563E-02 0.150E-01 0.341E-01 0.725E-01 0.191E+00 0.314E+00 0.342E+00
         2 0.182E-01 0.433E-01 0.878E-01 0.116E+00 0.385E+00 0.581E+00 0.897E+00 0.106E+01
         3 0.182E-01 0.433E-01 0.878E-01 0.116E+00 0.385E+00 0.581E+00 0.897E+00 0.106E+01
         4 0.342E+00 0.537E+00 0.912E+00 0.128E+01 0.193E+01
         5 0.151E-02 0.410E-02 0.244E-01 0.589E-01 0.770E-01 0.118E+00 0.328E+00 0.411E+00
         6 0.340E-01 0.753E-01 0.272E+00 0.411E+00 0.653E+00 0.100E+01 0.117E+01 0.183E+01
         7 0.340E-01 0.753E-01 0.272E+00 0.411E+00 0.653E+00 0.100E+01 0.117E+01 0.183E+01
         8 0.328E+00 0.645E+00 0.121E+01 0.182E+01


 Contracted 2-electron integrals neglected if value below      1.0D-11
 AO integral compression algorithm  1   Integral accuracy      1.0D-11

     6.816 MB (compressed) written to integral file ( 51.0%)


 NUMBER OF SORTED TWO-ELECTRON INTEGRALS:    1128388.     BUFFER LENGTH:  32768
 NUMBER OF SEGMENTS:   1  SEGMENT LENGTH:    1128388      RECORD LENGTH: 524288

 Memory used in sort:       1.69 MW

 SORT1 READ     1611023. AND WROTE      937905. INTEGRALS IN      3 RECORDS. CPU TIME:     0.04 SEC, REAL TIME:     0.06 SEC
 SORT2 READ      937905. AND WROTE     1128388. INTEGRALS IN     26 RECORDS. CPU TIME:     0.08 SEC, REAL TIME:     0.08 SEC

 FILE SIZES:   FILE 1:    37.0 MBYTE,  FILE 4:    12.6 MBYTE,   TOTAL:     49.6 MBYTE

 OPERATOR DM      FOR CENTER  0  COORDINATES:    0.000000    0.000000    0.000000


 **********************************************************************************************************************************
 DATASETS  * FILE   NREC   LENGTH (MB)   RECORD NAMES
              1      19       33.30       500      610      700      900      950      970     1000      129      960     1100   
                                          VAR    BASINP    GEOM    SYMINP    ZMAT    AOBASIS   BASIS     P2S    ABASIS      S 
                                         1400     1410     1200     1210     1080     1600     1650     1300     1700   
                                           T        V       H0       H01     AOSYM     SMH    MOLCAS    ERIS     OPER   

 PROGRAMS   *        TOTAL       INT
 CPU TIMES  *         0.84      0.73
 REAL TIME  *         0.74 SEC
 DISK USED  *        47.60 MB
 **********************************************************************************************************************************


 Program * Restricted Hartree-Fock

 Orbital guess generated from atomic densities. Full valence occupancy:    5   2   2   0   4   1   1   0


 Initial occupancy:   4   1   1   0   3   1   1   0

 NELEC=   22   SYM=1   MS2= 0   THRE=1.0D-08   THRD=1.0D-06   THRG=1.0D-06  HFMA2=F  DIIS_START=2   DIIS_MAX=10   DIIS_INCORE=F

 Level shifts:    0.00 (CLOSED)    0.00 (OPEN)    0.30 (GAP_MIN)

 ITER           ETOT              DE          GRAD        DDIFF     DIIS  NEXP   TIME(IT)  TIME(TOT)  DIAG
   1     -187.63489552    -187.63489552     0.00D+00     0.24D+00     0     0       0.02      0.02    start
   2     -187.67349438      -0.03859885     0.26D-01     0.40D-01     1     0       0.00      0.02    diag
   3     -187.70625646      -0.03276208     0.18D-01     0.17D-01     2     0       0.00      0.02    diag
   4     -187.70653448      -0.00027802     0.15D-02     0.19D-02     3     0       0.01      0.03    diag
   5     -187.70656628      -0.00003180     0.44D-03     0.74D-03     4     0       0.00      0.03    diag
   6     -187.70656853      -0.00000225     0.11D-03     0.22D-03     5     0       0.00      0.03    diag
   7     -187.70656858      -0.00000006     0.14D-04     0.28D-04     6     0       0.00      0.03    diag
   8     -187.70656859      -0.00000000     0.24D-05     0.55D-05     7     0       0.01      0.04    fixocc
   9     -187.70656859      -0.00000000     0.32D-06     0.69D-06     8     0       0.00      0.04    diag
  10     -187.70656859      -0.00000000     0.27D-07     0.40D-07     0     0       0.00      0.04    diag/orth

 Final occupancy:   4   1   1   0   3   1   1   0

 !RHF STATE 1.1 Energy               -187.706568585229
  RHF One-electron energy            -372.273395514260
  RHF Two-electron energy             126.325482994738
  RHF Kinetic energy                  187.365996293758
  RHF Nuclear energy                   58.241343934294
  RHF Virial quotient                  -1.001817684629

 !RHF STATE 1.1 Dipole moment           0.00000000     0.00000000     0.00000000
 Dipole moment /Debye                   0.00000000     0.00000000     0.00000000

 Orbital energies:

           1.1          2.1          3.1          4.1          5.1          6.1
    -20.649835   -11.459654    -1.527785    -0.798891     0.174692     0.547490

           1.2          2.2          3.2
     -0.712528     0.205058     0.395167

           1.3          2.3          3.3
     -0.712528     0.205058     0.395167

           1.4          2.4
      0.756761     1.925491

           1.5          2.5          3.5          4.5          5.5
    -20.649881    -1.474791    -0.740743     0.341435     0.658886

           1.6          2.6          3.6
     -0.542290     0.717309     1.219372

           1.7          2.7          3.7
     -0.542290     0.717309     1.219372

           1.8          2.8
      1.639736     3.218206


 HOMO      1.7    -0.542290 =     -14.7565eV
 LUMO      5.1     0.174692 =       4.7536eV
 LUMO-HOMO         0.716982 =      19.5101eV

 Orbitals saved in record  2100.2


 **********************************************************************************************************************************
 DATASETS  * FILE   NREC   LENGTH (MB)   RECORD NAMES
              1      19       33.30       500      610      700      900      950      970     1000      129      960     1100   
                                          VAR    BASINP    GEOM    SYMINP    ZMAT    AOBASIS   BASIS     P2S    ABASIS      S 
                                         1400     1410     1200     1210     1080     1600     1650     1300     1700   
                                           T        V       H0       H01     AOSYM     SMH    MOLCAS    ERIS     OPER   

              2       4        0.39       700     1000      520     2100   
                                         GEOM     BASIS   MCVARS     RHF  

 PROGRAMS   *        TOTAL    HF-SCF       INT
 CPU TIMES  *         0.89      0.05      0.73
 REAL TIME  *         0.80 SEC
 DISK USED  *        47.60 MB
 **********************************************************************************************************************************


 PROGRAM * CCSD (Closed-shell coupled cluster)     Authors: C. Hampel, H.-J. Werner, 1991, M. Deegan, P.J. Knowles, 1992


 Convergence thresholds:  THRVAR = 1.00D-12  THRDEN = 1.00D-08

 CCSD(T)     terms to be evaluated (factor= 1.000)


 Using ITF CCSD(T) gradient implementation

 Number of core orbitals:           3 (   2   0   0   0   1   0   0   0 )
 Number of closed-shell orbitals:   8 (   2   1   1   0   2   1   1   0 )
 Number of external orbitals:      79 (  17  11  11   5  15   8   8   4 )

 Molecular orbitals read from record     2100.2  Type=RHF/CANONICAL  

 Integral transformation finished. Total CPU:   0.09 sec, npass=  1  Memory used:   0.32 MW
 Time for re-packing tensors:             0.00 sec
  Reference energy                   -187.706568585229

  MP2 correlation energy               -0.601637453934
  MP2 total energy                   -188.308206039163

 ITER.      SQ.NORM     CORR.ENERGY   TOTAL ENERGY   ENERGY CHANGE        DEN1      VAR(S)    VAR(P)  DIIS     TIME
   1      1.14335150    -0.59498250  -188.30155109     0.00665495     0.02912232  7.23e-03  4.35e-03  1  1     0.21
   2      1.15685853    -0.59247740  -188.29904599     0.00250510    -0.01892597  1.21e-04  8.11e-04  2  2     0.43
   3      1.15915345    -0.59225032  -188.29881891     0.00022708     0.00109910  2.85e-05  5.91e-05  3  3     0.65
   4      1.16161233    -0.59216351  -188.29873209     0.00008681    -0.00137286  1.04e-06  1.04e-05  4  4     0.87
   5      1.16249532    -0.59205817  -188.29862675     0.00010534    -0.00027333  2.76e-08  8.30e-07  5  5     1.09
   6      1.16270512    -0.59204473  -188.29861332     0.00001343    -0.00005026  3.30e-10  3.80e-08  6  0     1.31
   7      1.16271170    -0.59204309  -188.29861167     0.00000165    -0.00000501  4.55e-10  3.65e-09  6  1     1.52
   8      1.16271423    -0.59204365  -188.29861223    -0.00000056    -0.00000039  3.46e-12  3.33e-10  6  2     1.74
   9      1.16271388    -0.59204369  -188.29861228    -0.00000005     0.00000003  8.53e-13  2.84e-11  6  3     1.97
  10      1.16271380    -0.59204372  -188.29861230    -0.00000003     0.00000007  5.58e-14  2.52e-12  6  4     2.19
  11      1.16271379    -0.59204372  -188.29861230     0.00000000     0.00000004  2.74e-15  1.12e-13           2.40

 Norm of t1 vector:      0.10261987     S-energy:     -0.00000000   T1 diagnostic:  0.01814080

 Time per iteration:                      0.22 sec

 RESULTS
 =======

  Reference energy                   -187.706568585229
  CCSD correlation energy              -0.592043716171
  CCSD total energy                  -188.298612301399

  Triples (T) contribution             -0.028562856459
  Total correlation energy             -0.620606572629
  CCSD[T] total energy               -188.329460244515
 !CCSD(T) total energy               -188.327175157858

 Starting CP-CCSD(T) iterations.   Author: W. Gyorffy (2015)

 ITER.      NRM1           NRM2      VAR(S)+VAR(P)   DIIS    TIME
   1     0.00349916     0.71402008     2.71e-02      1  1    0.20
   2     0.00559607     0.66522005     2.23e-03      2  2    0.41
   3     0.00509878     0.67711055     2.97e-05      3  3    0.61
   4     0.00521153     0.67660843     3.07e-06      4  4    0.82
   5     0.00525807     0.67666299     3.80e-07      5  5    1.03
   6     0.00528760     0.67662343     3.13e-08      6  0    1.24
   7     0.00529847     0.67661856     2.51e-09      6  1    1.44
   8     0.00530114     0.67662057     2.45e-10      6  2    1.65
   9     0.00530186     0.67662234     2.13e-11      6  3    1.86
  10     0.00530200     0.67662266     1.62e-12      6  4    2.08
  11     0.00530200     0.67662284     1.08e-13              2.30


 Time per iteration:                      0.21 sec

 CPHF start vector      0.2 not found

 Starting Coupled-perturbed Hartree-Fock, convergence threshold= 1.0D-06

 ITER   MIC  DIIS      VAR         VARC       CPU
   1     0     1    0.10D-01    0.23D-02     0.00
   2     3     2    0.35D-03    0.12D-03     0.01
   3     3     3    0.87D-05    0.11D-05     0.01
   4     2     4    0.51D-06    0.86D-07     0.01

 CPHF convergence reached in  4 macroiterations and    8 microiterations.   Accuracy: 5.0659D-07

 CPHF solution written to record  8500.2

 Dipole moments (unrelaxed):            0.00000000     0.00000000     0.00000000
 Orbital relaxation contribution:      -0.00000000    -0.00000000    -0.00000000
 !CCSD(T) STATE 1.1 Dipole moment       0.00000000     0.00000000     0.00000000
 Dipole moment /Debye                   0.00000000     0.00000000     0.00000000

 CPU-time for coupled-perturbed hartree-fock:          0.03 sec

 Number of N-1 electron functions:               8
 Number of N-2 electron functions:              36
 Number of singly external CSFs:               102
 Number of doubly external CSFs:             26338
 Total number of CSFs:                       26441

 CCSD(T) gradient info saved on record        55555.1




 **********************************************************************************************************************************
 DATASETS  * FILE   NREC   LENGTH (MB)   RECORD NAMES
              1      22       40.60       500      610      700      900      950      970     1000      129      960     1100   
                                          VAR    BASINP    GEOM    SYMINP    ZMAT    AOBASIS   BASIS     P2S    ABASIS      S 
                                         1400     1410     1200     1210     1080     1600     1650     1300     1700     1380   
                                           T        V       H0       H01     AOSYM     SMH    MOLCAS    ERIS     OPER     JKOP   
                                         3791    55555   
                                                 CCSD(T)    

              2       5        0.48       700     1000      520     2100     8500   
                                         GEOM     BASIS   MCVARS     RHF     CPHF   

 PROGRAMS   *        TOTAL   CCSD(T)    HF-SCF       INT
 CPU TIMES  *        16.91     16.02      0.05      0.73
 REAL TIME  *        10.45 SEC
 DISK USED  *        91.39 MB
 **********************************************************************************************************************************


 PROGRAM * OPT (Geometry optimization)     Authors: F. Eckert and H.-J. Werner


 BFGS update of hessian

 *** Long output written to logfile /media/fileserver/01_users/Kemal/final-thesis-calc/CO2/co2.log ***


 Geometry optimization using default procedure for command CCSD(T)

 Geometry written to block  1 of record 700

 Making model hessian for Z-matrix coordinates

 Entering Rational Function Geometry Optimization

 ITER.   ENERGY(OLD)    ENERGY(NEW)      DE          GRADMAX     GRADNORM    GRADRMS     STEPMAX     STEPLEN     STEPRMS   CPU-time
   1  -188.32717516  -188.32721756    -0.00004241  0.01379283  0.01379283  0.01379283  0.00570629  0.00570629  0.00570629     27.64
   2  -188.32721756  -188.32721785    -0.00000028  0.00111529  0.00111529  0.00111529  0.00050200  0.00050200  0.00050200     56.15
   3  -188.32721785  -188.32721785    -0.00000000  0.00001277  0.00001277  0.00001277  0.00000582  0.00000582  0.00000582     84.24

 END OF GEOMETRY OPTIMIZATION.

 Optimized variables
 RCO=                 1.16628837 ANG

 **********************************************************************************************************************************

 Geometry written to block  1 of record 700

 Recomputing wavefunction for reoriented structure

 Current geometry (xyz format, in Angstrom)

    3
 CCSD(T)/VTZ  ENERGY=-188.32721785
 O          0.0000000000        0.0000000000       -1.1662883662
 C          0.0000000000        0.0000000000        0.0000000000
 O          0.0000000000        0.0000000000        1.1662883662

 **********************************************************************************************************************************


 **********************************************************************************************************************************
 DATASETS  * FILE   NREC   LENGTH (MB)   RECORD NAMES
              1      22       40.60       500      610      700      900      950      970     1000      129      960     1100   
                                          VAR    BASINP    GEOM    SYMINP    ZMAT    AOBASIS   BASIS     P2S    ABASIS      S 
                                         1400     1410     1200     1210     1080     1600     1650     1300     1700     1380   
                                           T        V       H0       H01     AOSYM     SMH    MOLCAS    ERIS     OPER     JKOP   
                                         3791    55555   
                                                 CCSD(T)    

              2       6        0.53       700     1000      520     2100     8500     9001   
                                         GEOM     BASIS   MCVARS     RHF     CPHF    DEN_MP2    

 PROGRAMS   *        TOTAL      OPTG   CCSD(T)    HF-SCF       INT
 CPU TIMES  *       117.17    100.26     16.02      0.05      0.73
 REAL TIME  *        90.69 SEC
 DISK USED  *       112.05 MB
 **********************************************************************************************************************************


 PROGRAM * HESSIAN

 Computing numerical hessian using default procedure for command CCSD(T)

 Symmetry elements for unique displacements: X  Y  Z  

 Using AUTO symmetry option

 Running default procedure: HF-SCF000  CCSD(T)


 Numerically approximating hessian using central gradient differences

 Task list generated. Total number of displacements:      7

    5 tasks completed, CPU=11m 43s Elapsed=4m 48s

 Numerical CCSD(T) hessian completed. CPU-time:   897.11 sec, Elapsed:   376.22 sec

 CCSD(T) hessian saved to record  5300.2

 PROGRAM * FREQUENCIES (Calculation of harmonic vibrational spectra for CCSD(T))


 Permanent Dipole Moment [debye]
   1-  3    0.000000    0.000000    0.000000

 Dipole Moment Norm    0.0000000 [debye]

 Dipole Moment Derivatives [debye/ang]
              1             2             3             4             5             6             7             8
    1   -1.21173605    0.00000000    0.00000000    2.42339629    0.00000000    0.00000000   -1.21173605    0.00000000
    2    0.00000000   -1.21173605    0.00000000    0.00000000    2.42339629    0.00000000    0.00000000   -1.21173605
    3    0.00000000    0.00000000   -5.54522727    0.00000000    0.00000000   11.09050402    0.00000000    0.00000000
              9
    1    0.00000000
    2    0.00000000
    3   -5.54522727

 Projecting out rotations and translations

 Force Constants (Second Derivatives of the Energy) in [a.u.]
                             O1X1        O1Y1        O1Z1        CX2         CY2     
           O1X1          0.0359995
           O1Y1          0.0000000   0.0359995
           O1Z1          0.0000000   0.0000000   1.0227348
           CX2          -0.0719991   0.0000000   0.0000000   0.1439982
           CY2           0.0000000  -0.0719991   0.0000000   0.0000000   0.1439982
           CZ2           0.0000000   0.0000000  -0.9483220   0.0000000   0.0000000
           O2X3          0.0359995   0.0000000   0.0000000  -0.0719991   0.0000000
           O2Y3          0.0000000   0.0359995   0.0000000   0.0000000  -0.0719991
           O2Z3          0.0000000   0.0000000  -0.0744128   0.0000000   0.0000000
                             CZ2         O2X3        O2Y3        O2Z3    
           CZ2           1.8966439
           O2X3          0.0000000   0.0359995
           O2Y3          0.0000000   0.0000000   0.0359995
           O2Z3         -0.9483220   0.0000000   0.0000000   1.0227348


 Atomic Masses
   1-  3   15.994910   12.000000   15.994910

 Mass weighted Second Derivative Matrix
                             O1X1        O1Y1        O1Z1        CX2         CY2     
           O1X1          0.0022507
           O1Y1          0.0000000   0.0022507
           O1Z1          0.0000000   0.0000000   0.0639413
           CX2          -0.0051969   0.0000000   0.0000000   0.0119998
           CY2           0.0000000  -0.0051969   0.0000000   0.0000000   0.0119998
           CZ2           0.0000000   0.0000000  -0.0684501   0.0000000   0.0000000
           O2X3          0.0022507   0.0000000   0.0000000  -0.0051969   0.0000000
           O2Y3          0.0000000   0.0022507   0.0000000   0.0000000  -0.0051969
           O2Z3          0.0000000   0.0000000  -0.0046523   0.0000000   0.0000000
                             CZ2         O2X3        O2Y3        O2Z3    
           CZ2           0.1580537
           O2X3          0.0000000   0.0022507
           O2Y3          0.0000000   0.0000000   0.0022507
           O2Z3         -0.0684501   0.0000000   0.0000000   0.0639413


 Mass Weighted 2nd Derivative Matrix Eigenvalues
   1-  9    0.000000    0.000000    0.000000    0.000000    0.000000    0.016501    0.016501    0.068594    0.217343

 Mass Weighted 2nd Derivative Matrix Eigenvectors
              1             2             3             4             5             6             7             8
    1    0.18493185   -0.02725082   -0.01384735    0.86617422   -0.27966567   -0.36931720    0.00000000    0.00000000
    2    0.04408208    0.44751203   -0.33884768    0.22647813    0.70376450    0.00000000   -0.36931720    0.00000000
    3   -0.02281483    0.44690964   -0.19018281   -0.09508817   -0.34372198    0.00000000    0.00000000    0.70710678
    4    0.45610638   -0.00241724    0.00403521    0.23381311   -0.10033273    0.85276586    0.00000000    0.00000000
    5    0.00970911    0.34857688    0.22443797    0.10879454    0.29829788    0.00000000    0.85276586    0.00000000
    6   -0.01976137    0.38709668   -0.16472935   -0.08236188   -0.29771933    0.00000000    0.00000000    0.00000000
    7    0.86823317    0.02166934    0.02316478   -0.32629186    0.04799402   -0.36931720    0.00000000    0.00000000
    8   -0.02166341    0.35736374    0.85708252    0.02473213   -0.01498464    0.00000000   -0.36931720    0.00000000
    9   -0.02281483    0.44690964   -0.19018281   -0.09508817   -0.34372198    0.00000000    0.00000000   -0.70710678
              9
    1    0.00000000
    2    0.00000000
    3   -0.36931720
    4    0.00000000
    5    0.00000000
    6    0.85276586
    7    0.00000000
    8    0.00000000
    9   -0.36931720

   Low Vibration      Wavenumber
        Nr             [1/cm] 
        1                0.00
        2                0.00
        3                0.00
        4                0.00
        5                0.00

     Vibration        Wavenumber
        Nr             [1/cm] 
        1              660.33
        2              660.33
        3             1346.31
        4             2396.50

 FREQUENCIES * CALCULATION OF NORMAL MODES FOR CCSD(T)


 Atomic Coordinates

  Nr  Atom  Charge       X              Y              Z

   1   O1    8.00    0.000000000    0.000000000   -2.203965595
   2   C     6.00    0.000000000    0.000000000    0.000000000
   3   O2    8.00    0.000000000    0.000000000    2.203965595

 Gradient norm at reference geometry: 0.24138D-04

 Normal Modes

                              1 B3u       2 B2u       3 Ag        4 B1u
 Wavenumbers [cm-1]          660.33      660.33     1346.31     2396.50
 Intensities [km/mol]         28.44       28.44        0.00      595.59
 Intensities [relative]        4.77        4.77        0.00      100.00
           O1X1            -0.09234    -0.00000    -0.00000     0.00000
           O1Y1            -0.00000    -0.09234     0.00000    -0.00000
           O1Z1            -0.00000    -0.00000     0.17680    -0.09234
           CX2              0.24617    -0.00000    -0.00000     0.00000
           CY2             -0.00000     0.24617     0.00000    -0.00000
           CZ2             -0.00000    -0.00000     0.00000     0.24617
           O2X3            -0.09234     0.00000     0.00000     0.00000
           O2Y3            -0.00000    -0.09234    -0.00000    -0.00000
           O2Z3            -0.00000    -0.00000    -0.17680    -0.09234


 Normal Modes of low/zero frequencies

                                  1           2           3           4           5
 Wavenumbers [cm-1]            0.00        0.00        0.00        0.00        0.00
 Intensities [km/mol]          0.00        0.00        0.00        0.00        0.00
 Intensities [relative]        0.00        0.00        0.00        0.00        0.00
           O1X1             0.04624    -0.00681    -0.00346     0.21658    -0.06993
           O1Y1             0.01102     0.11190    -0.08473     0.05663     0.17597
           O1Z1            -0.00570     0.11175    -0.04755    -0.02378    -0.08594
           CX2              0.13167    -0.00070     0.00116     0.06750    -0.02896
           CY2              0.00280     0.10063     0.06479     0.03141     0.08611
           CZ2             -0.00570     0.11175    -0.04755    -0.02378    -0.08594
           O2X3             0.21709     0.00542     0.00579    -0.08159     0.01200
           O2Y3            -0.00542     0.08936     0.21430     0.00618    -0.00375
           O2Z3            -0.00570     0.11175    -0.04755    -0.02378    -0.08594


 Frequencies dumped to record   5400.2

 Zero point energy:  0.01153544 [H]     2531.74 [1/CM]       30.29 [KJ/MOL]
 Frequency information read from record  5400.2

 Recomputing wavefunction at initial geometry


 **********************************************************************************************************************************
 DATASETS  * FILE   NREC   LENGTH (MB)   RECORD NAMES
              1      22       40.60       500      610      700      900      950      970     1000      129      960     1100   
                                          VAR    BASINP    GEOM    SYMINP    ZMAT    AOBASIS   BASIS     P2S    ABASIS      S 
                                         1400     1410     1200     1210     1080     1600     1650     1300     1700     1380   
                                           T        V       H0       H01     AOSYM     SMH    MOLCAS    ERIS     OPER     JKOP   
                                         3791    55555   
                                                 CCSD(T)    

              2       9        0.55       700     1000      520     2100     8500     9001     5300     5450     5400   
                                         GEOM     BASIS   MCVARS     RHF     CPHF    DEN_MP2   HESS     NMOD     FREQ   

 PROGRAMS   *        TOTAL      FREQ      OPTG   CCSD(T)    HF-SCF       INT
 CPU TIMES  *       793.18    676.01    100.26     16.02      0.05      0.73
 REAL TIME  *       476.98 SEC
 DISK USED  *       346.28 MB
 **********************************************************************************************************************************

 Dump information in style MOLDEN to co2.molden                                                                      

 Molecular orbitals read from record     2100.2  Type=RHF/CANONICAL (state 1.1)
 Occupation numbers read from record     2100.2  Type=RHF/RHF (state 1.1)
 Orbital energies read from record       2100.2  Type=RHF/CANONICAL (state 1.1)
 Redundancy group numbers read from rec  2100.2  Type=RHF/RHF (state 1.1)

 DUMP ORBITAL  1.5 AS ORBITAL    1  occ=    2.0000  eig=  -20.6507  GROUP=   2
 DUMP ORBITAL  1.1 AS ORBITAL    2  occ=    2.0000  eig=  -20.6507  GROUP=   2
 DUMP ORBITAL  2.1 AS ORBITAL    3  occ=    2.0000  eig=  -11.4615  GROUP=   2
 DUMP ORBITAL  3.1 AS ORBITAL    4  occ=    2.0000  eig=   -1.5260  GROUP=   2
 DUMP ORBITAL  2.5 AS ORBITAL    5  occ=    2.0000  eig=   -1.4730  GROUP=   2
 DUMP ORBITAL  4.1 AS ORBITAL    6  occ=    2.0000  eig=   -0.7993  GROUP=   2
 DUMP ORBITAL  3.5 AS ORBITAL    7  occ=    2.0000  eig=   -0.7401  GROUP=   2
 DUMP ORBITAL  1.2 AS ORBITAL    8  occ=    2.0000  eig=   -0.7111  GROUP=   2
 DUMP ORBITAL  1.3 AS ORBITAL    9  occ=    2.0000  eig=   -0.7111  GROUP=   2
 DUMP ORBITAL  1.6 AS ORBITAL   10  occ=    2.0000  eig=   -0.5421  GROUP=   2
 DUMP ORBITAL  1.7 AS ORBITAL   11  occ=    2.0000  eig=   -0.5421  GROUP=   2

 Total charge:      22.000000
 Frequency information read from record  5400.2

 **********************************************************************************************************************************

 CCSD(T)/cc-pVTZ energy=   -188.327217848376

   OPTG(CCSD(T))         CCSD(T)          HF-SCF
   -188.32721785   -188.32717516   -187.70656859
 **********************************************************************************************************************************
 Molpro calculation terminated
